BEFORE:
Fake Database.
All Customers {

}
All Shopping Lists
[]
SYNCING THIS:
ExternalCustomer {
    externalId='12345'
    companyNumber='null'
    name='Joe Bloggs'
    preferredStore='Nordstan'
    bonusPointsBalance='2233'
    address='123 main st, SE-123 45 Stockholm'
    shoppingLists=[[lipstick, foundation]]
}
AFTER:
Fake Database.
All Customers {

    Customer {
        externalId='12345'
        masterExternalId='12345'
        companyNumber='null'
        internalId='fake internalId'
        name='Joe Bloggs'
        bonusPointsBalance='2233'
        customerType=PERSON
        preferredStore='Nordstan'
        address='123 main st, SE-123 45 Stockholm'
        shoppingLists=[[lipstick, foundation]]
    }

}
All Shopping Lists
[[lipstick, foundation]]